{"logTime": "0613/173457", "correlationVector":"UfELDJIP2Ocq7ve4zTE8Hg.1","action":"SyncServerConnectionManagerRequest", "result":"SYNC_SERVER_OK", "context":{"environment":"Prod_francecentral_prod-s01-062-eur-francecentral", "migrationStage":"NotStarted", "server":"akswtt008000034"}}
{"logTime": "0613/173457", "correlationVector":"UfELDJIP2Ocq7ve4zTE8Hg.2","action":"ProcessGetUpdates", "result":"Done", "context":{"dataType":"Encryption Keys", "deleted":"0", "process_failed_to_decrypt":"0", "process_pending_decryption":"0", "process_success":"1", "total":"1"}}
{"logTime": "0613/173458", "correlationVector":"OpsGVYvGfVFZYw+tfesD2Y","action":"SyncServerConnectionManagerRequest", "result":"SYNC_SERVER_OK", "context":{"environment":"", "migrationStage":"", "server":""}}
{"logTime": "0613/173458", "correlationVector":"OpsGVYvGfVFZYw+tfesD2Y.0","action":"EncryptionKeysFetcher.DownloadKeys:", "result":"Success", "context":Key count: 2, Last key timestamp: 2025-03-30T03:10:50Z}
{"logTime": "0613/173458", "correlationVector":"OpsGVYvGfVFZYw+tfesD2Y.1","action":"EncryptionKeysManager::SetEncryptionKeys:", "result":"Success", "context":Key names[2]:[oBW+wn50i/9hkbYu+zmAQeTssjd4K2TqJQYDFw+oKm/iAmQywJEQsgZ8o1yCt9lk7NHx1WQRRdL8/t3dtpLUlA==][jHVuEcHcxgugZvu2oOSnz6OkC6ARHSF6Tlc/rDNFgpTMuu83PNFj0mSuhoQvh3zPghcEo/t2mN6ParDcnNEqpA==]}
{"logTime": "0613/173458", "correlationVector":"OpsGVYvGfVFZYw+tfesD2Y.2","action":"EncryptionKeysManager::SetEncryptionKeysWithTimestamps:", "result":"Success", "context":Key timestamps[2]:[2024-09-29T18:24:33Z][2025-03-30T03:10:50Z]}
{"logTime": "0613/173458", "correlationVector":"UfELDJIP2Ocq7ve4zTE8Hg","action":"Initial GetUpdates", "result":"", "context":Reason: NEW_CLIENT. cV=UfELDJIP2Ocq7ve4zTE8Hg}
{"logTime": "0613/173458", "correlationVector":"UfELDJIP2Ocq7ve4zTE8Hg.3","action":"GetUpdates Response", "result":"Success", "context":Received 1 update(s). cV=UfELDJIP2Ocq7ve4zTE8Hg.0;server=akswtt008000034;cloudType=Consumer;environment=Prod_francecentral_prod-s01-062-eur-francecentral;migrationStage=NotStarted}
{"logTime": "0613/173458", "correlationVector":"EngCOZpB0ehD+btasOGKwE","action":"Initial GetUpdates", "result":"", "context":Reason: NEWLY_SUPPORTED_DATATYPE. cV=EngCOZpB0ehD+btasOGKwE}
{"logTime": "0613/173458", "correlationVector":"EngCOZpB0ehD+btasOGKwE.1","action":"SyncServerConnectionManagerRequest", "result":"SYNC_SERVER_OK", "context":{"environment":"Prod_francecentral_prod-s01-062-eur-francecentral", "migrationStage":"NotStarted", "server":"akswtt008000034"}}
{"logTime": "0613/173458", "correlationVector":"EngCOZpB0ehD+btasOGKwE.2","action":"ProcessGetUpdates", "result":"Done", "context":{"dataType":"Preferences", "deleted":"0", "process_failed_to_decrypt":"0", "process_pending_decryption":"0", "process_success":"64", "total":"64"}}
{"logTime": "0613/173458", "correlationVector":"EngCOZpB0ehD+btasOGKwE.3","action":"ProcessGetUpdates", "result":"Done", "context":{"dataType":"Passwords", "deleted":"2", "process_failed_to_decrypt":"0", "process_pending_decryption":"0", "process_success":"61", "total":"61"}}
{"logTime": "0613/173458", "correlationVector":"EngCOZpB0ehD+btasOGKwE.4","action":"ProcessGetUpdates", "result":"Done", "context":{"dataType":"Device Info", "deleted":"0", "process_failed_to_decrypt":"0", "process_pending_decryption":"0", "process_success":"18", "total":"18"}}
{"logTime": "0613/173458", "correlationVector":"EngCOZpB0ehD+btasOGKwE.5","action":"GetUpdates Response", "result":"Success", "context":Received 143 update(s). cV=EngCOZpB0ehD+btasOGKwE.0;server=akswtt008000034;cloudType=Consumer;environment=Prod_francecentral_prod-s01-062-eur-francecentral;migrationStage=NotStarted}
{"logTime": "0613/173458", "correlationVector":"tmDLK+XldMWGP4FxTTKi4S","action":"Initial GetUpdates", "result":"", "context":Reason: NEWLY_SUPPORTED_DATATYPE. cV=tmDLK+XldMWGP4FxTTKi4S}
{"logTime": "0613/173459", "correlationVector":"tmDLK+XldMWGP4FxTTKi4S.1","action":"SyncServerConnectionManagerRequest", "result":"SYNC_SERVER_OK", "context":{"environment":"Prod_francecentral_prod-s01-062-eur-francecentral", "migrationStage":"NotStarted", "server":"akswtt00800001d"}}
{"logTime": "0613/173459", "correlationVector":"tmDLK+XldMWGP4FxTTKi4S.2","action":"ProcessGetUpdates", "result":"Done", "context":{"dataType":"Bookmarks", "deleted":"4", "process_failed_to_decrypt":"0", "process_pending_decryption":"0", "process_success":"48", "total":"48"}}
{"logTime": "0613/173459", "correlationVector":"tmDLK+XldMWGP4FxTTKi4S.3","action":"GetUpdates Response", "result":"Success", "context":Received 48 update(s). cV=tmDLK+XldMWGP4FxTTKi4S.0;server=akswtt00800001d;cloudType=Consumer;environment=Prod_francecentral_prod-s01-062-eur-francecentral;migrationStage=NotStarted}
{"logTime": "0613/173459", "correlationVector":"alFU1z6AUSqp5xnnCCB5Qu","action":"Initial GetUpdates", "result":"", "context":Reason: NEWLY_SUPPORTED_DATATYPE. cV=alFU1z6AUSqp5xnnCCB5Qu}
{"logTime": "0613/173459", "correlationVector":"alFU1z6AUSqp5xnnCCB5Qu.1","action":"SyncServerConnectionManagerRequest", "result":"SYNC_SERVER_OK", "context":{"environment":"Prod_francecentral_prod-s01-062-eur-francecentral", "migrationStage":"NotStarted", "server":"akswtt00800001d"}}
{"logTime": "0613/173459", "correlationVector":"alFU1z6AUSqp5xnnCCB5Qu.2","action":"ProcessGetUpdates", "result":"Done", "context":{"dataType":"Autofill Profiles", "deleted":"0", "process_failed_to_decrypt":"0", "process_pending_decryption":"0", "process_success":"5", "total":"5"}}
{"logTime": "0613/173459", "correlationVector":"alFU1z6AUSqp5xnnCCB5Qu.3","action":"ProcessGetUpdates", "result":"Done", "context":{"dataType":"Autofill", "deleted":"0", "process_failed_to_decrypt":"0", "process_pending_decryption":"0", "process_success":"24", "total":"24"}}
{"logTime": "0613/173459", "correlationVector":"alFU1z6AUSqp5xnnCCB5Qu.4","action":"ProcessGetUpdates", "result":"Done", "context":{"dataType":"Extensions", "deleted":"0", "process_failed_to_decrypt":"0", "process_pending_decryption":"0", "process_success":"13", "total":"13"}}
{"logTime": "0613/173459", "correlationVector":"alFU1z6AUSqp5xnnCCB5Qu.5","action":"ProcessGetUpdates", "result":"Done", "context":{"dataType":"Sessions", "deleted":"138", "process_failed_to_decrypt":"0", "process_pending_decryption":"0", "process_success":"141", "total":"141"}}
{"logTime": "0613/173459", "correlationVector":"alFU1z6AUSqp5xnnCCB5Qu.6","action":"ProcessGetUpdates", "result":"Done", "context":{"dataType":"Extension settings", "deleted":"0", "process_failed_to_decrypt":"0", "process_pending_decryption":"0", "process_success":"59", "total":"59"}}
{"logTime": "0613/173459", "correlationVector":"alFU1z6AUSqp5xnnCCB5Qu.7","action":"ProcessGetUpdates", "result":"Done", "context":{"dataType":"History Delete Directives", "deleted":"0", "process_failed_to_decrypt":"0", "process_pending_decryption":"0", "process_success":"2", "total":"2"}}
{"logTime": "0613/173459", "correlationVector":"alFU1z6AUSqp5xnnCCB5Qu.8","action":"ProcessGetUpdates", "result":"Done", "context":{"dataType":"Edge Hub App Usage", "deleted":"1", "process_failed_to_decrypt":"0", "process_pending_decryption":"0", "process_success":"6", "total":"6"}}
{"logTime": "0613/173459", "correlationVector":"alFU1z6AUSqp5xnnCCB5Qu.9","action":"GetUpdates Response", "result":"Success", "context":Received 250 update(s). cV=alFU1z6AUSqp5xnnCCB5Qu.0;server=akswtt00800001d;cloudType=Consumer;environment=Prod_francecentral_prod-s01-062-eur-francecentral;migrationStage=NotStarted Some updates remain.}
{"logTime": "0613/173459", "correlationVector":"WkMIEOwhH6PMfot9ajVEPU","action":"Initial GetUpdates", "result":"", "context":Reason: NEWLY_SUPPORTED_DATATYPE. cV=WkMIEOwhH6PMfot9ajVEPU}
{"logTime": "0613/173500", "correlationVector":"WkMIEOwhH6PMfot9ajVEPU.1","action":"SyncServerConnectionManagerRequest", "result":"SYNC_SERVER_OK", "context":{"environment":"Prod_francecentral_prod-s01-062-eur-francecentral", "migrationStage":"NotStarted", "server":"akswtt00800000m"}}
{"logTime": "0613/173500", "correlationVector":"WkMIEOwhH6PMfot9ajVEPU.2","action":"ProcessGetUpdates", "result":"Done", "context":{"dataType":"Autofill Profiles", "deleted":"0", "process_failed_to_decrypt":"0", "process_pending_decryption":"0", "process_success":"3", "total":"3"}}
{"logTime": "0613/173500", "correlationVector":"WkMIEOwhH6PMfot9ajVEPU.3","action":"ProcessGetUpdates", "result":"Done", "context":{"dataType":"Autofill", "deleted":"0", "process_failed_to_decrypt":"0", "process_pending_decryption":"0", "process_success":"5", "total":"5"}}
{"logTime": "0613/173500", "correlationVector":"WkMIEOwhH6PMfot9ajVEPU.4","action":"ProcessGetUpdates", "result":"Done", "context":{"dataType":"Extensions", "deleted":"0", "process_failed_to_decrypt":"0", "process_pending_decryption":"0", "process_success":"3", "total":"3"}}
{"logTime": "0613/173500", "correlationVector":"WkMIEOwhH6PMfot9ajVEPU.5","action":"ProcessGetUpdates", "result":"Done", "context":{"dataType":"Sessions", "deleted":"80", "process_failed_to_decrypt":"0", "process_pending_decryption":"0", "process_success":"86", "total":"86"}}
{"logTime": "0613/173500", "correlationVector":"WkMIEOwhH6PMfot9ajVEPU.6","action":"GetUpdates Response", "result":"Success", "context":Received 97 update(s). cV=WkMIEOwhH6PMfot9ajVEPU.0;server=akswtt00800000m;cloudType=Consumer;environment=Prod_francecentral_prod-s01-062-eur-francecentral;migrationStage=NotStarted}
{"logTime": "0613/173500", "correlationVector":"gzztIQKx2YjQWeYF/F4QVO","action":"Initial GetUpdates", "result":"", "context":Reason: NEWLY_SUPPORTED_DATATYPE. cV=gzztIQKx2YjQWeYF/F4QVO}
{"logTime": "0613/173501", "correlationVector":"gzztIQKx2YjQWeYF/F4QVO.1","action":"SyncServerConnectionManagerRequest", "result":"SYNC_SERVER_OK", "context":{"environment":"Prod_francecentral_prod-s01-062-eur-francecentral", "migrationStage":"NotStarted", "server":"akswtt008000015"}}
{"logTime": "0613/173501", "correlationVector":"gzztIQKx2YjQWeYF/F4QVO.2","action":"ProcessGetUpdates", "result":"Done", "context":{"dataType":"History", "deleted":"0", "process_failed_to_decrypt":"0", "process_pending_decryption":"0", "process_success":"250", "total":"250"}}
{"logTime": "0613/173501", "correlationVector":"gzztIQKx2YjQWeYF/F4QVO.3","action":"GetUpdates Response", "result":"Success", "context":Received 250 update(s). cV=gzztIQKx2YjQWeYF/F4QVO.0;server=akswtt008000015;cloudType=Consumer;environment=Prod_francecentral_prod-s01-062-eur-francecentral;migrationStage=NotStarted Some updates remain.}
{"logTime": "0613/173501", "correlationVector":"QbjqunIlBIg1rNZmI8MZa0","action":"Initial GetUpdates", "result":"", "context":Reason: NEWLY_SUPPORTED_DATATYPE. cV=QbjqunIlBIg1rNZmI8MZa0}
{"logTime": "0613/173503", "correlationVector":"QbjqunIlBIg1rNZmI8MZa0.1","action":"SyncServerConnectionManagerRequest", "result":"SYNC_SERVER_OK", "context":{"environment":"Prod_francecentral_prod-s01-062-eur-francecentral", "migrationStage":"NotStarted", "server":"akswtt008000034"}}
{"logTime": "0613/173503", "correlationVector":"QbjqunIlBIg1rNZmI8MZa0.2","action":"ProcessGetUpdates", "result":"Done", "context":{"dataType":"History", "deleted":"0", "process_failed_to_decrypt":"0", "process_pending_decryption":"0", "process_success":"250", "total":"250"}}
{"logTime": "0613/173503", "correlationVector":"QbjqunIlBIg1rNZmI8MZa0.3","action":"GetUpdates Response", "result":"Success", "context":Received 250 update(s). cV=QbjqunIlBIg1rNZmI8MZa0.0;server=akswtt008000034;cloudType=Consumer;environment=Prod_francecentral_prod-s01-062-eur-francecentral;migrationStage=NotStarted Some updates remain.}
{"logTime": "0613/173503", "correlationVector":"TgD2KqGg3F2kQrZCo96qUD","action":"Initial GetUpdates", "result":"", "context":Reason: NEWLY_SUPPORTED_DATATYPE. cV=TgD2KqGg3F2kQrZCo96qUD}
{"logTime": "0613/173504", "correlationVector":"TgD2KqGg3F2kQrZCo96qUD.1","action":"SyncServerConnectionManagerRequest", "result":"SYNC_SERVER_OK", "context":{"environment":"Prod_francecentral_prod-s01-062-eur-francecentral", "migrationStage":"NotStarted", "server":"akswtt00800001d"}}
{"logTime": "0613/173504", "correlationVector":"TgD2KqGg3F2kQrZCo96qUD.2","action":"ProcessGetUpdates", "result":"Done", "context":{"dataType":"History", "deleted":"0", "process_failed_to_decrypt":"0", "process_pending_decryption":"0", "process_success":"250", "total":"250"}}
{"logTime": "0613/173504", "correlationVector":"TgD2KqGg3F2kQrZCo96qUD.3","action":"GetUpdates Response", "result":"Success", "context":Received 250 update(s). cV=TgD2KqGg3F2kQrZCo96qUD.0;server=akswtt00800001d;cloudType=Consumer;environment=Prod_francecentral_prod-s01-062-eur-francecentral;migrationStage=NotStarted Some updates remain.}
{"logTime": "0613/173504", "correlationVector":"1PEda7xikzKQTZB3kKUaBJ","action":"Initial GetUpdates", "result":"", "context":Reason: NEWLY_SUPPORTED_DATATYPE. cV=1PEda7xikzKQTZB3kKUaBJ}
{"logTime": "0613/173504", "correlationVector":"1PEda7xikzKQTZB3kKUaBJ.1","action":"SyncServerConnectionManagerRequest", "result":"SYNC_SERVER_OK", "context":{"environment":"Prod_francecentral_prod-s01-062-eur-francecentral", "migrationStage":"NotStarted", "server":"akswtt00800000m"}}
{"logTime": "0613/173504", "correlationVector":"1PEda7xikzKQTZB3kKUaBJ.2","action":"ProcessGetUpdates", "result":"Done", "context":{"dataType":"History", "deleted":"0", "process_failed_to_decrypt":"0", "process_pending_decryption":"0", "process_success":"120", "total":"120"}}
{"logTime": "0613/173504", "correlationVector":"1PEda7xikzKQTZB3kKUaBJ.3","action":"GetUpdates Response", "result":"Success", "context":Received 120 update(s). cV=1PEda7xikzKQTZB3kKUaBJ.0;server=akswtt00800000m;cloudType=Consumer;environment=Prod_francecentral_prod-s01-062-eur-francecentral;migrationStage=NotStarted}
{"logTime": "0613/173504", "correlationVector":"UcAqaAZxk60TkKiep92Maj","action":"Normal GetUpdate request", "result":"", "context":cV=UcAqaAZxk60TkKiep92Maj
Nudged types: Bookmarks, Sessions, Device Info, User Consents
Refresh requested types: Bookmarks, Preferences, Passwords, Autofill Profiles, Autofill, Extensions, Sessions, Extension settings, History Delete Directives, Device Info, User Consents, Send Tab To Self, Web Apps, History, Saved Tab Group, WebAuthn Credentials, Collection, Edge E Drop, Edge Hub App Usage, Edge Wallet, Encryption Keys}
{"logTime": "0613/173504", "correlationVector":"UcAqaAZxk60TkKiep92Maj.1","action":"SyncServerConnectionManagerRequest", "result":"SYNC_SERVER_OK", "context":{"environment":"Prod_francecentral_prod-s01-062-eur-francecentral", "migrationStage":"NotStarted", "server":"akswtt00800005o"}}
{"logTime": "0613/173504", "correlationVector":"UcAqaAZxk60TkKiep92Maj.2","action":"GetUpdates Response", "result":"Success", "context":Received 0 update(s). cV=UcAqaAZxk60TkKiep92Maj.0;server=akswtt00800005o;cloudType=Consumer;environment=Prod_francecentral_prod-s01-062-eur-francecentral;migrationStage=NotStarted}
{"logTime": "0613/173504", "correlationVector":"o68Hv4H0evoBMcZorHLaKj","action":"Commit Request", "result":"", "context":Item count: 29
Contributing types: Bookmarks, Sessions, Device Info, User Consents}
{"logTime": "0613/173506", "correlationVector":"o68Hv4H0evoBMcZorHLaKj.1","action":"SyncServerConnectionManagerRequest", "result":"SYNC_SERVER_OK", "context":{"environment":"Prod_francecentral_prod-s01-062-eur-francecentral", "migrationStage":"NotStarted", "server":"akswtt00800005o"}}
{"logTime": "0613/173506", "correlationVector":"o68Hv4H0evoBMcZorHLaKj.2","action":"Commit Response", "result":"Success", "context":Result: Success. cV=o68Hv4H0evoBMcZorHLaKj.0;server=akswtt00800005o;cloudType=Consumer;environment=Prod_francecentral_prod-s01-062-eur-francecentral;migrationStage=NotStarted}
{"logTime": "0613/173541", "correlationVector":"GIO3D20efNcmiCy80rTKLa","action":"Commit Request", "result":"", "context":Item count: 40
Contributing types: Passwords}
{"logTime": "0613/173544", "correlationVector":"GIO3D20efNcmiCy80rTKLa.1","action":"SyncServerConnectionManagerRequest", "result":"SYNC_SERVER_OK", "context":{"environment":"Prod_francecentral_prod-s01-062-eur-francecentral", "migrationStage":"NotStarted", "server":"akswtt008000015"}}
{"logTime": "0613/173544", "correlationVector":"GIO3D20efNcmiCy80rTKLa.2","action":"Commit Response", "result":"Success", "context":Result: Success. cV=GIO3D20efNcmiCy80rTKLa.0;server=akswtt008000015;cloudType=Consumer;environment=Prod_francecentral_prod-s01-062-eur-francecentral;migrationStage=NotStarted}
{"logTime": "0613/173544", "correlationVector":"nkA2fOZLgqZcBisun6SUvU","action":"Commit Request", "result":"", "context":Item count: 8
Contributing types: Passwords}
{"logTime": "0613/173545", "correlationVector":"nkA2fOZLgqZcBisun6SUvU.1","action":"SyncServerConnectionManagerRequest", "result":"SYNC_SERVER_OK", "context":{"environment":"Prod_francecentral_prod-s01-062-eur-francecentral", "migrationStage":"NotStarted", "server":"akswtt00800000m"}}
{"logTime": "0613/173545", "correlationVector":"nkA2fOZLgqZcBisun6SUvU.2","action":"Commit Response", "result":"Success", "context":Result: Success. cV=nkA2fOZLgqZcBisun6SUvU.0;server=akswtt00800000m;cloudType=Consumer;environment=Prod_francecentral_prod-s01-062-eur-francecentral;migrationStage=NotStarted}
{"logTime": "0616/201931", "correlationVector":"MYUYoGfYcNnKDzDsytDmgD.1","action":"SyncServerConnectionManagerRequest", "result":"SYNC_SERVER_OK", "context":{"environment":"Prod_francecentral_prod-s01-062-eur-francecentral", "migrationStage":"NotStarted", "server":"akswtt00800004k"}}
{"logTime": "0616/201931", "correlationVector":"MYUYoGfYcNnKDzDsytDmgD.2","action":"ProcessGetUpdates", "result":"Done", "context":{"dataType":"Encryption Keys", "deleted":"0", "process_failed_to_decrypt":"0", "process_pending_decryption":"0", "process_success":"1", "total":"1"}}
{"logTime": "0616/201932", "correlationVector":"Q62Gn0eSHzXvhTbQydhYxe","action":"SyncServerConnectionManagerRequest", "result":"SYNC_SERVER_OK", "context":{"environment":"", "migrationStage":"", "server":""}}
{"logTime": "0616/201932", "correlationVector":"Q62Gn0eSHzXvhTbQydhYxe.0","action":"EncryptionKeysFetcher.DownloadKeys:", "result":"Success", "context":Key count: 2, Last key timestamp: 2025-03-30T03:10:50Z}
{"logTime": "0616/201932", "correlationVector":"Q62Gn0eSHzXvhTbQydhYxe.1","action":"EncryptionKeysManager::SetEncryptionKeys:", "result":"Success", "context":Key names[2]:[oBW+wn50i/9hkbYu+zmAQeTssjd4K2TqJQYDFw+oKm/iAmQywJEQsgZ8o1yCt9lk7NHx1WQRRdL8/t3dtpLUlA==][jHVuEcHcxgugZvu2oOSnz6OkC6ARHSF6Tlc/rDNFgpTMuu83PNFj0mSuhoQvh3zPghcEo/t2mN6ParDcnNEqpA==]}
{"logTime": "0616/201932", "correlationVector":"Q62Gn0eSHzXvhTbQydhYxe.2","action":"EncryptionKeysManager::SetEncryptionKeysWithTimestamps:", "result":"Success", "context":Key timestamps[2]:[2024-09-29T18:24:33Z][2025-03-30T03:10:50Z]}
{"logTime": "0616/201932", "correlationVector":"MYUYoGfYcNnKDzDsytDmgD","action":"Initial GetUpdates", "result":"", "context":Reason: NEW_CLIENT. cV=MYUYoGfYcNnKDzDsytDmgD}
{"logTime": "0616/201932", "correlationVector":"MYUYoGfYcNnKDzDsytDmgD.3","action":"GetUpdates Response", "result":"Success", "context":Received 1 update(s). cV=MYUYoGfYcNnKDzDsytDmgD.0;server=akswtt00800004k;cloudType=Consumer;environment=Prod_francecentral_prod-s01-062-eur-francecentral;migrationStage=NotStarted}
{"logTime": "0616/201932", "correlationVector":"GEeue9k81khGp9utdm3epq","action":"Initial GetUpdates", "result":"", "context":Reason: NEWLY_SUPPORTED_DATATYPE. cV=GEeue9k81khGp9utdm3epq}
{"logTime": "0616/201934", "correlationVector":"GEeue9k81khGp9utdm3epq.1","action":"SyncServerConnectionManagerRequest", "result":"SYNC_SERVER_OK", "context":{"environment":"Prod_francecentral_prod-s01-062-eur-francecentral", "migrationStage":"NotStarted", "server":"akswtt00800004c"}}
{"logTime": "0616/201934", "correlationVector":"GEeue9k81khGp9utdm3epq.2","action":"ProcessGetUpdates", "result":"Done", "context":{"dataType":"Passwords", "deleted":"2", "process_failed_to_decrypt":"0", "process_pending_decryption":"0", "process_success":"61", "total":"61"}}
{"logTime": "0616/201934", "correlationVector":"GEeue9k81khGp9utdm3epq.3","action":"GetUpdates Response", "result":"Success", "context":Received 61 update(s). cV=GEeue9k81khGp9utdm3epq.0;server=akswtt00800004c;cloudType=Consumer;environment=Prod_francecentral_prod-s01-062-eur-francecentral;migrationStage=NotStarted}
{"logTime": "0616/201934", "correlationVector":"9slaNeTrXKoeUJJaPBsCQp","action":"Normal GetUpdate request", "result":"", "context":cV=9slaNeTrXKoeUJJaPBsCQp
Nudged types: Sessions, Device Info, History
Refresh requested types: Bookmarks, Preferences, Passwords, Autofill Profiles, Autofill, Extensions, Sessions, Extension settings, History Delete Directives, Device Info, User Consents, Send Tab To Self, Web Apps, History, Saved Tab Group, WebAuthn Credentials, Collection, Edge E Drop, Edge Hub App Usage, Edge Wallet, Encryption Keys}
{"logTime": "0616/201935", "correlationVector":"9slaNeTrXKoeUJJaPBsCQp.1","action":"SyncServerConnectionManagerRequest", "result":"SYNC_SERVER_OK", "context":{"environment":"Prod_francecentral_prod-s01-062-eur-francecentral", "migrationStage":"NotStarted", "server":"akswtt00800001z"}}
{"logTime": "0616/201935", "correlationVector":"9slaNeTrXKoeUJJaPBsCQp.2","action":"ProcessGetUpdates", "result":"Done", "context":{"dataType":"Bookmarks", "deleted":"0", "process_failed_to_decrypt":"0", "process_pending_decryption":"0", "process_success":"25", "total":"25"}}
{"logTime": "0616/201935", "correlationVector":"9slaNeTrXKoeUJJaPBsCQp.3","action":"ProcessGetUpdates", "result":"Done", "context":{"dataType":"Preferences", "deleted":"0", "process_failed_to_decrypt":"0", "process_pending_decryption":"0", "process_success":"4", "total":"4"}}
{"logTime": "0616/201935", "correlationVector":"9slaNeTrXKoeUJJaPBsCQp.4","action":"ProcessGetUpdates", "result":"Done", "context":{"dataType":"Sessions", "deleted":"5", "process_failed_to_decrypt":"0", "process_pending_decryption":"0", "process_success":"9", "total":"9"}}
{"logTime": "0616/201935", "correlationVector":"9slaNeTrXKoeUJJaPBsCQp.5","action":"ProcessGetUpdates", "result":"Done", "context":{"dataType":"Extension settings", "deleted":"0", "process_failed_to_decrypt":"0", "process_pending_decryption":"0", "process_success":"1", "total":"1"}}
{"logTime": "0616/201935", "correlationVector":"9slaNeTrXKoeUJJaPBsCQp.6","action":"ProcessGetUpdates", "result":"Done", "context":{"dataType":"Device Info", "deleted":"0", "process_failed_to_decrypt":"0", "process_pending_decryption":"0", "process_success":"2", "total":"2"}}
{"logTime": "0616/201935", "correlationVector":"9slaNeTrXKoeUJJaPBsCQp.7","action":"ProcessGetUpdates", "result":"Done", "context":{"dataType":"History", "deleted":"0", "process_failed_to_decrypt":"0", "process_pending_decryption":"0", "process_success":"23", "total":"23"}}
{"logTime": "0616/201935", "correlationVector":"9slaNeTrXKoeUJJaPBsCQp.8","action":"GetUpdates Response", "result":"Success", "context":Received 64 update(s). cV=9slaNeTrXKoeUJJaPBsCQp.0;server=akswtt00800001z;cloudType=Consumer;environment=Prod_francecentral_prod-s01-062-eur-francecentral;migrationStage=NotStarted}
{"logTime": "0616/201935", "correlationVector":"VlM3QN2cpIDjTfVEeGjVS1","action":"Commit Request", "result":"", "context":Item count: 2
Contributing types: Device Info, History}
{"logTime": "0616/201935", "correlationVector":"VlM3QN2cpIDjTfVEeGjVS1.1","action":"SyncServerConnectionManagerRequest", "result":"SYNC_SERVER_OK", "context":{"environment":"Prod_francecentral_prod-s01-062-eur-francecentral", "migrationStage":"NotStarted", "server":"akswtt00800004c"}}
{"logTime": "0616/201935", "correlationVector":"VlM3QN2cpIDjTfVEeGjVS1.2","action":"Commit Response", "result":"Success", "context":Result: Success. cV=VlM3QN2cpIDjTfVEeGjVS1.0;server=akswtt00800004c;cloudType=Consumer;environment=Prod_francecentral_prod-s01-062-eur-francecentral;migrationStage=NotStarted}
{"logTime": "0616/201935", "correlationVector":"9qjWkVaD26YE2qPoe6JUOz","action":"Poll GetUpdate request", "result":"", "context":cV=9qjWkVaD26YE2qPoe6JUOz}
{"logTime": "0616/201936", "correlationVector":"9qjWkVaD26YE2qPoe6JUOz.1","action":"SyncServerConnectionManagerRequest", "result":"SYNC_SERVER_OK", "context":{"environment":"Prod_francecentral_prod-s01-062-eur-francecentral", "migrationStage":"NotStarted", "server":"akswtt00800001v"}}
{"logTime": "0616/201936", "correlationVector":"9qjWkVaD26YE2qPoe6JUOz.2","action":"ProcessGetUpdates", "result":"Done", "context":{"dataType":"Device Info", "deleted":"0", "process_failed_to_decrypt":"0", "process_pending_decryption":"0", "process_success":"1", "total":"1"}}
{"logTime": "0616/201936", "correlationVector":"9qjWkVaD26YE2qPoe6JUOz.3","action":"ProcessGetUpdates", "result":"Done", "context":{"dataType":"History", "deleted":"0", "process_failed_to_decrypt":"0", "process_pending_decryption":"0", "process_success":"1", "total":"1"}}
{"logTime": "0616/201936", "correlationVector":"9qjWkVaD26YE2qPoe6JUOz.4","action":"GetUpdates Response", "result":"Success", "context":Received 2 update(s). cV=9qjWkVaD26YE2qPoe6JUOz.0;server=akswtt00800001v;cloudType=Consumer;environment=Prod_francecentral_prod-s01-062-eur-francecentral;migrationStage=NotStarted}
{"logTime": "0616/202036", "correlationVector":"yXXeuuMjsaoeG+/5zaFzwJ","action":"Commit Request", "result":"", "context":Item count: 4
Contributing types: Sessions, Device Info, History}
{"logTime": "0616/202037", "correlationVector":"yXXeuuMjsaoeG+/5zaFzwJ.1","action":"SyncServerConnectionManagerRequest", "result":"SYNC_SERVER_OK", "context":{"environment":"Prod_francecentral_prod-s01-062-eur-francecentral", "migrationStage":"NotStarted", "server":"akswtt008000019"}}
{"logTime": "0616/202037", "correlationVector":"yXXeuuMjsaoeG+/5zaFzwJ.2","action":"Commit Response", "result":"Success", "context":Result: Success. cV=yXXeuuMjsaoeG+/5zaFzwJ.0;server=akswtt008000019;cloudType=Consumer;environment=Prod_francecentral_prod-s01-062-eur-francecentral;migrationStage=NotStarted}
{"logTime": "0616/202856", "correlationVector":"0BwOQtjSYk55odsEiVFPWh.1","action":"SyncServerConnectionManagerRequest", "result":"SYNC_SERVER_OK", "context":{"environment":"Prod_francecentral_prod-s01-062-eur-francecentral", "migrationStage":"NotStarted", "server":"akswtt00800006d"}}
{"logTime": "0616/202856", "correlationVector":"0BwOQtjSYk55odsEiVFPWh.2","action":"ProcessGetUpdates", "result":"Done", "context":{"dataType":"Encryption Keys", "deleted":"0", "process_failed_to_decrypt":"0", "process_pending_decryption":"0", "process_success":"1", "total":"1"}}
{"logTime": "0616/202902", "correlationVector":"Z9dJQ/4bFtTDSBwDQCrTKs","action":"SyncServerConnectionManagerRequest", "result":"SYNC_SERVER_OK", "context":{"environment":"", "migrationStage":"", "server":""}}
{"logTime": "0616/202902", "correlationVector":"Z9dJQ/4bFtTDSBwDQCrTKs.0","action":"EncryptionKeysFetcher.DownloadKeys:", "result":"Success", "context":Key count: 2, Last key timestamp: 2025-03-30T03:10:50Z}
{"logTime": "0616/202902", "correlationVector":"Z9dJQ/4bFtTDSBwDQCrTKs.1","action":"EncryptionKeysManager::SetEncryptionKeys:", "result":"Success", "context":Key names[2]:[oBW+wn50i/9hkbYu+zmAQeTssjd4K2TqJQYDFw+oKm/iAmQywJEQsgZ8o1yCt9lk7NHx1WQRRdL8/t3dtpLUlA==][jHVuEcHcxgugZvu2oOSnz6OkC6ARHSF6Tlc/rDNFgpTMuu83PNFj0mSuhoQvh3zPghcEo/t2mN6ParDcnNEqpA==]}
{"logTime": "0616/202902", "correlationVector":"Z9dJQ/4bFtTDSBwDQCrTKs.2","action":"EncryptionKeysManager::SetEncryptionKeysWithTimestamps:", "result":"Success", "context":Key timestamps[2]:[2024-09-29T18:24:33Z][2025-03-30T03:10:50Z]}
{"logTime": "0616/202902", "correlationVector":"0BwOQtjSYk55odsEiVFPWh","action":"Initial GetUpdates", "result":"", "context":Reason: NEW_CLIENT. cV=0BwOQtjSYk55odsEiVFPWh}
{"logTime": "0616/202902", "correlationVector":"0BwOQtjSYk55odsEiVFPWh.3","action":"GetUpdates Response", "result":"Success", "context":Received 1 update(s). cV=0BwOQtjSYk55odsEiVFPWh.0;server=akswtt00800006d;cloudType=Consumer;environment=Prod_francecentral_prod-s01-062-eur-francecentral;migrationStage=NotStarted}
{"logTime": "0616/202902", "correlationVector":"KP6aOcC4f6TJsCNHlYwCaN","action":"Initial GetUpdates", "result":"", "context":Reason: NEWLY_SUPPORTED_DATATYPE. cV=KP6aOcC4f6TJsCNHlYwCaN}
{"logTime": "0616/202907", "correlationVector":"KP6aOcC4f6TJsCNHlYwCaN.1","action":"SyncServerConnectionManagerRequest", "result":"SYNC_SERVER_OK", "context":{"environment":"Prod_francecentral_prod-s01-062-eur-francecentral", "migrationStage":"NotStarted", "server":"akswtt00800004x"}}
{"logTime": "0616/202907", "correlationVector":"KP6aOcC4f6TJsCNHlYwCaN.2","action":"ProcessGetUpdates", "result":"Done", "context":{"dataType":"Passwords", "deleted":"2", "process_failed_to_decrypt":"0", "process_pending_decryption":"0", "process_success":"61", "total":"61"}}
{"logTime": "0616/202907", "correlationVector":"KP6aOcC4f6TJsCNHlYwCaN.3","action":"GetUpdates Response", "result":"Success", "context":Received 61 update(s). cV=KP6aOcC4f6TJsCNHlYwCaN.0;server=akswtt00800004x;cloudType=Consumer;environment=Prod_francecentral_prod-s01-062-eur-francecentral;migrationStage=NotStarted}
{"logTime": "0616/202907", "correlationVector":"921VWXLzHtbIW9ubQhJDqR","action":"Normal GetUpdate request", "result":"", "context":cV=921VWXLzHtbIW9ubQhJDqR
Nudged types: Sessions, Device Info, History
Refresh requested types: Bookmarks, Preferences, Passwords, Autofill Profiles, Autofill, Extensions, Sessions, Extension settings, History Delete Directives, Device Info, User Consents, Send Tab To Self, Web Apps, History, Saved Tab Group, WebAuthn Credentials, Collection, Edge E Drop, Edge Hub App Usage, Edge Wallet, Encryption Keys}
{"logTime": "0616/202908", "correlationVector":"921VWXLzHtbIW9ubQhJDqR.1","action":"SyncServerConnectionManagerRequest", "result":"SYNC_SERVER_OK", "context":{"environment":"Prod_francecentral_prod-s01-062-eur-francecentral", "migrationStage":"NotStarted", "server":"akswtt00800004r"}}
{"logTime": "0616/202908", "correlationVector":"921VWXLzHtbIW9ubQhJDqR.2","action":"ProcessGetUpdates", "result":"Done", "context":{"dataType":"Sessions", "deleted":"0", "process_failed_to_decrypt":"0", "process_pending_decryption":"0", "process_success":"3", "total":"3"}}
{"logTime": "0616/202908", "correlationVector":"921VWXLzHtbIW9ubQhJDqR.3","action":"ProcessGetUpdates", "result":"Done", "context":{"dataType":"Device Info", "deleted":"0", "process_failed_to_decrypt":"0", "process_pending_decryption":"0", "process_success":"1", "total":"1"}}
{"logTime": "0616/202908", "correlationVector":"921VWXLzHtbIW9ubQhJDqR.4","action":"ProcessGetUpdates", "result":"Done", "context":{"dataType":"History", "deleted":"0", "process_failed_to_decrypt":"0", "process_pending_decryption":"0", "process_success":"1", "total":"1"}}
{"logTime": "0616/202908", "correlationVector":"921VWXLzHtbIW9ubQhJDqR.5","action":"GetUpdates Response", "result":"Success", "context":Received 5 update(s). cV=921VWXLzHtbIW9ubQhJDqR.0;server=akswtt00800004r;cloudType=Consumer;environment=Prod_francecentral_prod-s01-062-eur-francecentral;migrationStage=NotStarted}
{"logTime": "0616/202908", "correlationVector":"lwwtyaDpqkY4O9fUK74SFC","action":"Commit Request", "result":"", "context":Item count: 7
Contributing types: Sessions, Device Info, History}
{"logTime": "0616/202909", "correlationVector":"lwwtyaDpqkY4O9fUK74SFC.1","action":"SyncServerConnectionManagerRequest", "result":"SYNC_SERVER_OK", "context":{"environment":"Prod_francecentral_prod-s01-062-eur-francecentral", "migrationStage":"NotStarted", "server":"akswtt00800004x"}}
{"logTime": "0616/202909", "correlationVector":"lwwtyaDpqkY4O9fUK74SFC.2","action":"Commit Response", "result":"Success", "context":Result: Success. cV=lwwtyaDpqkY4O9fUK74SFC.0;server=akswtt00800004x;cloudType=Consumer;environment=Prod_francecentral_prod-s01-062-eur-francecentral;migrationStage=NotStarted}
{"logTime": "0616/203013", "correlationVector":"cjMdOgqjd7x32M2DdRXogR","action":"Commit Request", "result":"", "context":Item count: 3
Contributing types: Sessions, History}
{"logTime": "0616/203014", "correlationVector":"cjMdOgqjd7x32M2DdRXogR.1","action":"SyncServerConnectionManagerRequest", "result":"SYNC_SERVER_OK", "context":{"environment":"Prod_francecentral_prod-s01-062-eur-francecentral", "migrationStage":"NotStarted", "server":"akswtt00800003x"}}
{"logTime": "0616/203014", "correlationVector":"cjMdOgqjd7x32M2DdRXogR.2","action":"Commit Response", "result":"Success", "context":Result: Success. cV=cjMdOgqjd7x32M2DdRXogR.0;server=akswtt00800003x;cloudType=Consumer;environment=Prod_francecentral_prod-s01-062-eur-francecentral;migrationStage=NotStarted}
{"logTime": "0616/203014", "correlationVector":"cjMdOgqjd7x32M2DdRXogR.3","action":"Commit.Sessions", "result":"Success", "context":{"id":"de9b2a42-ff0d-481c-9bde-5788866609dd", "isDeleted":"true", "size":"0", "version":"1750105748426"}}
{"logTime": "0616/203022", "correlationVector":"6OVAUHypA551adRZPWotOE","action":"Normal GetUpdate request", "result":"", "context":cV=6OVAUHypA551adRZPWotOE
Notified types: Device Info}
{"logTime": "0616/203023", "correlationVector":"6OVAUHypA551adRZPWotOE.1","action":"SyncServerConnectionManagerRequest", "result":"SYNC_SERVER_OK", "context":{"environment":"Prod_francecentral_prod-s01-062-eur-francecentral", "migrationStage":"NotStarted", "server":"akswtt00800003x"}}
{"logTime": "0616/203023", "correlationVector":"6OVAUHypA551adRZPWotOE.2","action":"ProcessGetUpdates", "result":"Done", "context":{"dataType":"Sessions", "deleted":"1", "process_failed_to_decrypt":"0", "process_pending_decryption":"0", "process_success":"3", "total":"3"}}
{"logTime": "0616/203023", "correlationVector":"6OVAUHypA551adRZPWotOE.3","action":"ProcessGetUpdates", "result":"Done", "context":{"dataType":"Device Info", "deleted":"0", "process_failed_to_decrypt":"0", "process_pending_decryption":"0", "process_success":"2", "total":"2"}}
{"logTime": "0616/203023", "correlationVector":"6OVAUHypA551adRZPWotOE.4","action":"ProcessGetUpdates", "result":"Done", "context":{"dataType":"History", "deleted":"0", "process_failed_to_decrypt":"0", "process_pending_decryption":"0", "process_success":"4", "total":"4"}}
{"logTime": "0616/203023", "correlationVector":"6OVAUHypA551adRZPWotOE.5","action":"GetUpdates Response", "result":"Success", "context":Received 9 update(s). cV=6OVAUHypA551adRZPWotOE.0;server=akswtt00800003x;cloudType=Consumer;environment=Prod_francecentral_prod-s01-062-eur-francecentral;migrationStage=NotStarted}
{"logTime": "0616/203028", "correlationVector":"DVHbyKKd7Vds6Md/lS3A7u","action":"Normal GetUpdate request", "result":"", "context":cV=DVHbyKKd7Vds6Md/lS3A7u
Notified types: Bookmarks, History}
{"logTime": "0616/203031", "correlationVector":"DVHbyKKd7Vds6Md/lS3A7u.1","action":"SyncServerConnectionManagerRequest", "result":"SYNC_SERVER_OK", "context":{"environment":"Prod_francecentral_prod-s01-062-eur-francecentral", "migrationStage":"NotStarted", "server":"akswtt00800000w"}}
{"logTime": "0616/203031", "correlationVector":"DVHbyKKd7Vds6Md/lS3A7u.2","action":"ProcessGetUpdates", "result":"Done", "context":{"dataType":"Bookmarks", "deleted":"0", "process_failed_to_decrypt":"0", "process_pending_decryption":"0", "process_success":"1", "total":"1"}}
{"logTime": "0616/203031", "correlationVector":"DVHbyKKd7Vds6Md/lS3A7u.3","action":"ProcessGetUpdates", "result":"Done", "context":{"dataType":"Sessions", "deleted":"0", "process_failed_to_decrypt":"0", "process_pending_decryption":"0", "process_success":"2", "total":"2"}}
{"logTime": "0616/203031", "correlationVector":"DVHbyKKd7Vds6Md/lS3A7u.4","action":"ProcessGetUpdates", "result":"Done", "context":{"dataType":"History", "deleted":"0", "process_failed_to_decrypt":"0", "process_pending_decryption":"0", "process_success":"1", "total":"1"}}
{"logTime": "0616/203031", "correlationVector":"DVHbyKKd7Vds6Md/lS3A7u.5","action":"GetUpdates Response", "result":"Success", "context":Received 4 update(s). cV=DVHbyKKd7Vds6Md/lS3A7u.0;server=akswtt00800000w;cloudType=Consumer;environment=Prod_francecentral_prod-s01-062-eur-francecentral;migrationStage=NotStarted}
{"logTime": "0616/203144", "correlationVector":"F9LtNW7WZAd9jsuKINoEF5","action":"Normal GetUpdate request", "result":"", "context":cV=F9LtNW7WZAd9jsuKINoEF5
Nudged types: Sessions, History
Notified types: History}
{"logTime": "0616/203144", "correlationVector":"F9LtNW7WZAd9jsuKINoEF5.1","action":"SyncServerConnectionManagerRequest", "result":"SYNC_SERVER_OK", "context":{"environment":"Prod_francecentral_prod-s01-062-eur-francecentral", "migrationStage":"NotStarted", "server":"akswtt008000006"}}
{"logTime": "0616/203144", "correlationVector":"F9LtNW7WZAd9jsuKINoEF5.2","action":"ProcessGetUpdates", "result":"Done", "context":{"dataType":"Sessions", "deleted":"0", "process_failed_to_decrypt":"0", "process_pending_decryption":"0", "process_success":"2", "total":"2"}}
{"logTime": "0616/203144", "correlationVector":"F9LtNW7WZAd9jsuKINoEF5.3","action":"ProcessGetUpdates", "result":"Done", "context":{"dataType":"History", "deleted":"0", "process_failed_to_decrypt":"0", "process_pending_decryption":"0", "process_success":"1", "total":"1"}}
{"logTime": "0616/203144", "correlationVector":"F9LtNW7WZAd9jsuKINoEF5.4","action":"GetUpdates Response", "result":"Success", "context":Received 3 update(s). cV=F9LtNW7WZAd9jsuKINoEF5.0;server=akswtt008000006;cloudType=Consumer;environment=Prod_francecentral_prod-s01-062-eur-francecentral;migrationStage=NotStarted}
{"logTime": "0616/203144", "correlationVector":"OsmN8AqjLkgzCwIjdWThIn","action":"Commit Request", "result":"", "context":Item count: 3
Contributing types: Sessions, History}
{"logTime": "0616/203145", "correlationVector":"OsmN8AqjLkgzCwIjdWThIn.1","action":"SyncServerConnectionManagerRequest", "result":"SYNC_SERVER_OK", "context":{"environment":"Prod_francecentral_prod-s01-062-eur-francecentral", "migrationStage":"NotStarted", "server":"akswtt008000024"}}
{"logTime": "0616/203145", "correlationVector":"OsmN8AqjLkgzCwIjdWThIn.2","action":"Commit Response", "result":"Success", "context":Result: Success. cV=OsmN8AqjLkgzCwIjdWThIn.0;server=akswtt008000024;cloudType=Consumer;environment=Prod_francecentral_prod-s01-062-eur-francecentral;migrationStage=NotStarted}
{"logTime": "0616/203153", "correlationVector":"NWk2yf3ftVwHm2UqyMOljJ","action":"Normal GetUpdate request", "result":"", "context":cV=NWk2yf3ftVwHm2UqyMOljJ
Nudged types: Sessions, History
Notified types: Preferences, Device Info}
{"logTime": "0616/203153", "correlationVector":"NWk2yf3ftVwHm2UqyMOljJ.1","action":"SyncServerConnectionManagerRequest", "result":"SYNC_SERVER_OK", "context":{"environment":"Prod_francecentral_prod-s01-062-eur-francecentral", "migrationStage":"NotStarted", "server":"akswtt00800004n"}}
{"logTime": "0616/203153", "correlationVector":"NWk2yf3ftVwHm2UqyMOljJ.2","action":"ProcessGetUpdates", "result":"Done", "context":{"dataType":"Preferences", "deleted":"0", "process_failed_to_decrypt":"0", "process_pending_decryption":"0", "process_success":"1", "total":"1"}}
{"logTime": "0616/203153", "correlationVector":"NWk2yf3ftVwHm2UqyMOljJ.3","action":"ProcessGetUpdates", "result":"Done", "context":{"dataType":"Sessions", "deleted":"0", "process_failed_to_decrypt":"0", "process_pending_decryption":"0", "process_success":"1", "total":"1"}}
{"logTime": "0616/203153", "correlationVector":"NWk2yf3ftVwHm2UqyMOljJ.4","action":"ProcessGetUpdates", "result":"Done", "context":{"dataType":"Device Info", "deleted":"0", "process_failed_to_decrypt":"0", "process_pending_decryption":"0", "process_success":"1", "total":"1"}}
{"logTime": "0616/203153", "correlationVector":"NWk2yf3ftVwHm2UqyMOljJ.5","action":"ProcessGetUpdates", "result":"Done", "context":{"dataType":"History", "deleted":"0", "process_failed_to_decrypt":"0", "process_pending_decryption":"0", "process_success":"2", "total":"2"}}
{"logTime": "0616/203153", "correlationVector":"NWk2yf3ftVwHm2UqyMOljJ.6","action":"GetUpdates Response", "result":"Success", "context":Received 5 update(s). cV=NWk2yf3ftVwHm2UqyMOljJ.0;server=akswtt00800004n;cloudType=Consumer;environment=Prod_francecentral_prod-s01-062-eur-francecentral;migrationStage=NotStarted}
{"logTime": "0616/203257", "correlationVector":"3wd/VVXc+1bWfNMJ5xO4ak.1","action":"SyncServerConnectionManagerRequest", "result":"SYNC_SERVER_OK", "context":{"environment":"Prod_francecentral_prod-s01-062-eur-francecentral", "migrationStage":"NotStarted", "server":"akswtt008000060"}}
{"logTime": "0616/203257", "correlationVector":"3wd/VVXc+1bWfNMJ5xO4ak.2","action":"ProcessGetUpdates", "result":"Done", "context":{"dataType":"Encryption Keys", "deleted":"0", "process_failed_to_decrypt":"0", "process_pending_decryption":"0", "process_success":"1", "total":"1"}}
{"logTime": "0616/203259", "correlationVector":"AdZWrEtLlN8FfAzueuMXBT","action":"SyncServerConnectionManagerRequest", "result":"SYNC_SERVER_OK", "context":{"environment":"", "migrationStage":"", "server":""}}
{"logTime": "0616/203259", "correlationVector":"AdZWrEtLlN8FfAzueuMXBT.0","action":"EncryptionKeysFetcher.DownloadKeys:", "result":"Success", "context":Key count: 2, Last key timestamp: 2025-03-30T03:10:50Z}
{"logTime": "0616/203259", "correlationVector":"AdZWrEtLlN8FfAzueuMXBT.1","action":"EncryptionKeysManager::SetEncryptionKeys:", "result":"Success", "context":Key names[2]:[oBW+wn50i/9hkbYu+zmAQeTssjd4K2TqJQYDFw+oKm/iAmQywJEQsgZ8o1yCt9lk7NHx1WQRRdL8/t3dtpLUlA==][jHVuEcHcxgugZvu2oOSnz6OkC6ARHSF6Tlc/rDNFgpTMuu83PNFj0mSuhoQvh3zPghcEo/t2mN6ParDcnNEqpA==]}
{"logTime": "0616/203259", "correlationVector":"AdZWrEtLlN8FfAzueuMXBT.2","action":"EncryptionKeysManager::SetEncryptionKeysWithTimestamps:", "result":"Success", "context":Key timestamps[2]:[2024-09-29T18:24:33Z][2025-03-30T03:10:50Z]}
{"logTime": "0616/203259", "correlationVector":"3wd/VVXc+1bWfNMJ5xO4ak","action":"Initial GetUpdates", "result":"", "context":Reason: NEW_CLIENT. cV=3wd/VVXc+1bWfNMJ5xO4ak}
{"logTime": "0616/203259", "correlationVector":"3wd/VVXc+1bWfNMJ5xO4ak.3","action":"GetUpdates Response", "result":"Success", "context":Received 1 update(s). cV=3wd/VVXc+1bWfNMJ5xO4ak.0;server=akswtt008000060;cloudType=Consumer;environment=Prod_francecentral_prod-s01-062-eur-francecentral;migrationStage=NotStarted}
{"logTime": "0616/203259", "correlationVector":"mewiQzosizyHFIb8DaJeuj","action":"Initial GetUpdates", "result":"", "context":Reason: NEWLY_SUPPORTED_DATATYPE. cV=mewiQzosizyHFIb8DaJeuj}
{"logTime": "0616/203300", "correlationVector":"mewiQzosizyHFIb8DaJeuj.1","action":"SyncServerConnectionManagerRequest", "result":"SYNC_SERVER_OK", "context":{"environment":"Prod_francecentral_prod-s01-062-eur-francecentral", "migrationStage":"NotStarted", "server":"akswtt00800003k"}}
{"logTime": "0616/203300", "correlationVector":"mewiQzosizyHFIb8DaJeuj.2","action":"ProcessGetUpdates", "result":"Done", "context":{"dataType":"Passwords", "deleted":"2", "process_failed_to_decrypt":"0", "process_pending_decryption":"0", "process_success":"61", "total":"61"}}
{"logTime": "0616/203300", "correlationVector":"mewiQzosizyHFIb8DaJeuj.3","action":"GetUpdates Response", "result":"Success", "context":Received 61 update(s). cV=mewiQzosizyHFIb8DaJeuj.0;server=akswtt00800003k;cloudType=Consumer;environment=Prod_francecentral_prod-s01-062-eur-francecentral;migrationStage=NotStarted}
{"logTime": "0616/203300", "correlationVector":"qynTaBYzg2RAKXNaVI4Q86","action":"Normal GetUpdate request", "result":"", "context":cV=qynTaBYzg2RAKXNaVI4Q86
Nudged types: Sessions, Device Info, History
Refresh requested types: Bookmarks, Preferences, Passwords, Autofill Profiles, Autofill, Extensions, Sessions, Extension settings, History Delete Directives, Device Info, User Consents, Send Tab To Self, Web Apps, History, Saved Tab Group, WebAuthn Credentials, Collection, Edge E Drop, Edge Hub App Usage, Edge Wallet, Encryption Keys}
{"logTime": "0616/203301", "correlationVector":"qynTaBYzg2RAKXNaVI4Q86.1","action":"SyncServerConnectionManagerRequest", "result":"SYNC_SERVER_OK", "context":{"environment":"Prod_francecentral_prod-s01-062-eur-francecentral", "migrationStage":"NotStarted", "server":"akswtt00800004d"}}
{"logTime": "0616/203301", "correlationVector":"qynTaBYzg2RAKXNaVI4Q86.2","action":"GetUpdates Response", "result":"Success", "context":Received 0 update(s). cV=qynTaBYzg2RAKXNaVI4Q86.0;server=akswtt00800004d;cloudType=Consumer;environment=Prod_francecentral_prod-s01-062-eur-francecentral;migrationStage=NotStarted}
{"logTime": "0616/203301", "correlationVector":"Ezub6cLPMgk8iwULVK1XyQ","action":"Commit Request", "result":"", "context":Item count: 4
Contributing types: Sessions, Device Info, History}
{"logTime": "0616/203302", "correlationVector":"Ezub6cLPMgk8iwULVK1XyQ.1","action":"SyncServerConnectionManagerRequest", "result":"SYNC_SERVER_OK", "context":{"environment":"Prod_francecentral_prod-s01-062-eur-francecentral", "migrationStage":"NotStarted", "server":"akswtt00800006q"}}
{"logTime": "0616/203302", "correlationVector":"Ezub6cLPMgk8iwULVK1XyQ.2","action":"Commit Response", "result":"Success", "context":Result: Success. cV=Ezub6cLPMgk8iwULVK1XyQ.0;server=akswtt00800006q;cloudType=Consumer;environment=Prod_francecentral_prod-s01-062-eur-francecentral;migrationStage=NotStarted}
{"logTime": "0616/203314", "correlationVector":"hVeKkYe6Xwr9eZTYDqAnhF","action":"Normal GetUpdate request", "result":"", "context":cV=hVeKkYe6Xwr9eZTYDqAnhF
Notified types: Device Info}
{"logTime": "0616/203315", "correlationVector":"hVeKkYe6Xwr9eZTYDqAnhF.1","action":"SyncServerConnectionManagerRequest", "result":"SYNC_SERVER_OK", "context":{"environment":"Prod_francecentral_prod-s01-062-eur-francecentral", "migrationStage":"NotStarted", "server":"akswtt00800006q"}}
{"logTime": "0616/203315", "correlationVector":"hVeKkYe6Xwr9eZTYDqAnhF.2","action":"ProcessGetUpdates", "result":"Done", "context":{"dataType":"Sessions", "deleted":"0", "process_failed_to_decrypt":"0", "process_pending_decryption":"0", "process_success":"2", "total":"2"}}
{"logTime": "0616/203315", "correlationVector":"hVeKkYe6Xwr9eZTYDqAnhF.3","action":"ProcessGetUpdates", "result":"Done", "context":{"dataType":"Device Info", "deleted":"0", "process_failed_to_decrypt":"0", "process_pending_decryption":"0", "process_success":"2", "total":"2"}}
{"logTime": "0616/203315", "correlationVector":"hVeKkYe6Xwr9eZTYDqAnhF.4","action":"ProcessGetUpdates", "result":"Done", "context":{"dataType":"History", "deleted":"0", "process_failed_to_decrypt":"0", "process_pending_decryption":"0", "process_success":"1", "total":"1"}}
{"logTime": "0616/203315", "correlationVector":"hVeKkYe6Xwr9eZTYDqAnhF.5","action":"GetUpdates Response", "result":"Success", "context":Received 5 update(s). cV=hVeKkYe6Xwr9eZTYDqAnhF.0;server=akswtt00800006q;cloudType=Consumer;environment=Prod_francecentral_prod-s01-062-eur-francecentral;migrationStage=NotStarted}
{"logTime": "0616/203326", "correlationVector":"FLFYu/Eng91riwGNbRVWBk","action":"Normal GetUpdate request", "result":"", "context":cV=FLFYu/Eng91riwGNbRVWBk
Notified types: Preferences}
{"logTime": "0616/203327", "correlationVector":"FLFYu/Eng91riwGNbRVWBk.1","action":"SyncServerConnectionManagerRequest", "result":"SYNC_SERVER_OK", "context":{"environment":"Prod_francecentral_prod-s01-062-eur-francecentral", "migrationStage":"NotStarted", "server":"akswtt008000035"}}
{"logTime": "0616/203327", "correlationVector":"FLFYu/Eng91riwGNbRVWBk.2","action":"ProcessGetUpdates", "result":"Done", "context":{"dataType":"Preferences", "deleted":"0", "process_failed_to_decrypt":"0", "process_pending_decryption":"0", "process_success":"1", "total":"1"}}
{"logTime": "0616/203327", "correlationVector":"FLFYu/Eng91riwGNbRVWBk.3","action":"GetUpdates Response", "result":"Success", "context":Received 1 update(s). cV=FLFYu/Eng91riwGNbRVWBk.0;server=akswtt008000035;cloudType=Consumer;environment=Prod_francecentral_prod-s01-062-eur-francecentral;migrationStage=NotStarted}
{"logTime": "0616/203335", "correlationVector":"69PZXKYWDrl62yg4BqwyEH","action":"Normal GetUpdate request", "result":"", "context":cV=69PZXKYWDrl62yg4BqwyEH
Notified types: Preferences, Device Info, History}
{"logTime": "0616/203337", "correlationVector":"69PZXKYWDrl62yg4BqwyEH.1","action":"SyncServerConnectionManagerRequest", "result":"SYNC_SERVER_OK", "context":{"environment":"Prod_francecentral_prod-s01-062-eur-francecentral", "migrationStage":"NotStarted", "server":"akswtt00800002t"}}
{"logTime": "0616/203337", "correlationVector":"69PZXKYWDrl62yg4BqwyEH.2","action":"ProcessGetUpdates", "result":"Done", "context":{"dataType":"Preferences", "deleted":"0", "process_failed_to_decrypt":"0", "process_pending_decryption":"0", "process_success":"1", "total":"1"}}
{"logTime": "0616/203337", "correlationVector":"69PZXKYWDrl62yg4BqwyEH.3","action":"ProcessGetUpdates", "result":"Done", "context":{"dataType":"Sessions", "deleted":"0", "process_failed_to_decrypt":"0", "process_pending_decryption":"0", "process_success":"2", "total":"2"}}
{"logTime": "0616/203337", "correlationVector":"69PZXKYWDrl62yg4BqwyEH.4","action":"ProcessGetUpdates", "result":"Done", "context":{"dataType":"Device Info", "deleted":"0", "process_failed_to_decrypt":"0", "process_pending_decryption":"0", "process_success":"1", "total":"1"}}
{"logTime": "0616/203337", "correlationVector":"69PZXKYWDrl62yg4BqwyEH.5","action":"ProcessGetUpdates", "result":"Done", "context":{"dataType":"History", "deleted":"0", "process_failed_to_decrypt":"0", "process_pending_decryption":"0", "process_success":"1", "total":"1"}}
{"logTime": "0616/203337", "correlationVector":"69PZXKYWDrl62yg4BqwyEH.6","action":"GetUpdates Response", "result":"Success", "context":Received 5 update(s). cV=69PZXKYWDrl62yg4BqwyEH.0;server=akswtt00800002t;cloudType=Consumer;environment=Prod_francecentral_prod-s01-062-eur-francecentral;migrationStage=NotStarted}
